// Jest Snapshot v1, https://goo.gl/fbAQLP

exports[`Navbar component testing renders without crashing 1`] = `
Object {
  "asFragment": [Function],
  "baseElement": <body>
    <div>
      <div
        class="nav"
      >
        <a
          class="backicon"
          href="/"
        >
          <svg
            fill="currentColor"
            height="1em"
            stroke="currentColor"
            stroke-width="0"
            viewBox="0 0 384 512"
            width="1em"
            xmlns="http://www.w3.org/2000/svg"
          >
            <path
              d="M365.46 357.74L147.04 255.89l218.47-101.88c16.02-7.47 22.95-26.51 15.48-42.53l-13.52-29C360 66.46 340.96 59.53 324.94 67L18.48 209.91a32.014 32.014 0 0 0-18.48 29v34.24c0 12.44 7.21 23.75 18.48 29l306.31 142.83c16.06 7.49 35.15.54 42.64-15.52l13.56-29.08c7.49-16.06.54-35.15-15.53-42.64z"
            />
          </svg>
        </a>
        <div
          class="header"
        >
          <h1
            class="head"
          >
            Covid Report
          </h1>
        </div>
      </div>
    </div>
  </body>,
  "container": <div>
    <div
      class="nav"
    >
      <a
        class="backicon"
        href="/"
      >
        <svg
          fill="currentColor"
          height="1em"
          stroke="currentColor"
          stroke-width="0"
          viewBox="0 0 384 512"
          width="1em"
          xmlns="http://www.w3.org/2000/svg"
        >
          <path
            d="M365.46 357.74L147.04 255.89l218.47-101.88c16.02-7.47 22.95-26.51 15.48-42.53l-13.52-29C360 66.46 340.96 59.53 324.94 67L18.48 209.91a32.014 32.014 0 0 0-18.48 29v34.24c0 12.44 7.21 23.75 18.48 29l306.31 142.83c16.06 7.49 35.15.54 42.64-15.52l13.56-29.08c7.49-16.06.54-35.15-15.53-42.64z"
          />
        </svg>
      </a>
      <div
        class="header"
      >
        <h1
          class="head"
        >
          Covid Report
        </h1>
      </div>
    </div>
  </div>,
  "debug": [Function],
  "findAllByAltText": [Function],
  "findAllByDisplayValue": [Function],
  "findAllByLabelText": [Function],
  "findAllByPlaceholderText": [Function],
  "findAllByRole": [Function],
  "findAllByTestId": [Function],
  "findAllByText": [Function],
  "findAllByTitle": [Function],
  "findByAltText": [Function],
  "findByDisplayValue": [Function],
  "findByLabelText": [Function],
  "findByPlaceholderText": [Function],
  "findByRole": [Function],
  "findByTestId": [Function],
  "findByText": [Function],
  "findByTitle": [Function],
  "getAllByAltText": [Function],
  "getAllByDisplayValue": [Function],
  "getAllByLabelText": [Function],
  "getAllByPlaceholderText": [Function],
  "getAllByRole": [Function],
  "getAllByTestId": [Function],
  "getAllByText": [Function],
  "getAllByTitle": [Function],
  "getByAltText": [Function],
  "getByDisplayValue": [Function],
  "getByLabelText": [Function],
  "getByPlaceholderText": [Function],
  "getByRole": [Function],
  "getByTestId": [Function],
  "getByText": [Function],
  "getByTitle": [Function],
  "queryAllByAltText": [Function],
  "queryAllByDisplayValue": [Function],
  "queryAllByLabelText": [Function],
  "queryAllByPlaceholderText": [Function],
  "queryAllByRole": [Function],
  "queryAllByTestId": [Function],
  "queryAllByText": [Function],
  "queryAllByTitle": [Function],
  "queryByAltText": [Function],
  "queryByDisplayValue": [Function],
  "queryByLabelText": [Function],
  "queryByPlaceholderText": [Function],
  "queryByRole": [Function],
  "queryByTestId": [Function],
  "queryByText": [Function],
  "queryByTitle": [Function],
  "rerender": [Function],
  "unmount": [Function],
}
`;
